
────────────────────────────────────────────────────────────────────────
  DISKANN z/Linux v2 — PIPELINE START
────────────────────────────────────────────────────────────────────────
[2026-09-02T15:06:17.329Z] SECTION        DISKANN z/Linux v2 — PIPELINE START
[2026-09-02T15:06:17.329Z] PIPELINE_START {"event":"pipeline_start","host":"KhushiTyagi463-bot01-zlinux.dev.fyre.ibm.com","repo":"/home/khushiid/DiskANN","branch":"diskann-zlinux-gcc15","fork":"git@github.ibm.com:Khushi-Tyagi463/DiskANN.git","agents":["01-understand-and-plan","02-implement-build-push"],"design":"2-agent goal-driven (v2)"}

────────────────────────────────────────────────────────────────────────
  AGENT: 01-understand-and-plan — Discover platform, read codebase, produce porting plan (no changes)
────────────────────────────────────────────────────────────────────────
[2026-09-02T15:06:17.329Z] SECTION        AGENT: 01-understand-and-plan — Discover platform, read codebase, produce porting plan (no changes)
[2026-09-02T15:06:17.330Z] AGENT_START    {"event":"agent_start","agent":"01-understand-and-plan","promptFile":"./diskann_zlinux_v2/prompts/01-understand-and-plan.md"}
[2026-09-02T15:25:45.554Z] AGENT_END      {"event":"agent_end","agent":"01-understand-and-plan","status":"pass","durationMs":1168224}

────────────────────────────────────────────────────────────────────────
  AGENT: 02-implement-build-push — Apply plan, iterate build+test until passing, commit, push to fork
────────────────────────────────────────────────────────────────────────
[2026-09-02T15:25:45.555Z] SECTION        AGENT: 02-implement-build-push — Apply plan, iterate build+test until passing, commit, push to fork
[2026-09-02T15:25:45.555Z] AGENT_START    {"event":"agent_start","agent":"02-implement-build-push","promptFile":"./diskann_zlinux_v2/prompts/02-implement-build-push.md"}
[2026-09-02T15:46:37.709Z] AGENT_END      {"event":"agent_end","agent":"02-implement-build-push","status":"pass","durationMs":1252154}

────────────────────────────────────────────────────────────────────────
  PIPELINE COMPLETE
────────────────────────────────────────────────────────────────────────
[2026-09-02T15:46:37.710Z] SECTION        PIPELINE COMPLETE
[2026-09-02T15:46:37.710Z] PIPELINE_COMPLETE {"event":"pipeline_complete","version":"v2","runTimestamp":"2026-09-02T15-06-17-328Z","host":"KhushiTyagi463-bot01-zlinux.dev.fyre.ibm.com","repo":"/home/khushiid/DiskANN","branch":"diskann-zlinux-gcc15","fork":"git@github.ibm.com:Khushi-Tyagi463/DiskANN.git","totalDurationMs":2420381,"passed":2,"failed":0,"skipped":0,"overallStatus":"PASS","agents":[{"agent":"01-understand-and-plan","status":"pass","durationMs":1168224},{"agent":"02-implement-build-push","status":"pass","durationMs":1252154}],"logs":{"ndjson":"/Users/khushityagi/sandcastle/diskann_zlinux_v2/logs/run-2026-09-02T15-06-17-328Z.ndjson","text":"/Users/khushityagi/sandcastle/diskann_zlinux_v2/logs/run-2026-09-02T15-06-17-328Z.log","perAgent":[{"agent":"01-understand-and-plan","file":"/Users/khushityagi/sandcastle/diskann_zlinux_v2/logs/01-understand-and-plan-2026-09-02T15-06-17-328Z.log"},{"agent":"02-implement-build-push","file":"/Users/khushityagi/sandcastle/diskann_zlinux_v2/logs/02-implement-build-push-2026-09-02T15-06-17-328Z.log"}]}}
placeholder